00:00.0 0600: 8086:1237
00:01.0 00ff: 1af4:1042 (rev 01)
00:02.0 00ff: 1af4:1043 (rev 01)
00:03.0 00ff: 1af4:1044 (rev 01)
00:04.0 00ff: 1af4:1041 (rev 01)
00:05.0 00ff: 1af4:1045 (rev 01)
00:06.0 00ff: 1af4:1053 (rev 01)
